<?xml version="1.0" encoding="UTF-8"?>
<store name='Nordstan'>
<product id='LIPSTICK01' weight='30'>
<price currency='USD'>
14.99</price>
Cherry Bloom</product>
<product id='LIPSTICK02' weight='30'>
<price currency='USD'>
14.99</price>
Rose Petal</product>
</store>

