<?xml version="1.0" encoding="UTF-8"?>
<orders>
<order id='1234'>
<product id='EVENT02' stylist='Celeste Pulchritudo'>
<price currency='USD'>
149.99</price>
Makeover</product>
<product id='TOOL01' weight='100'>
<price currency='USD'>
19.99</price>
Eyelash curler</product>
</order>
<order id='1235'>
</order>
</orders>

